<?xml version="1.0" encoding="utf-8"?><testsuites><testsuite name="pytest" errors="0" failures="0" skipped="0" tests="7" time="0.185" timestamp="2025-11-14T18:44:19.562336" hostname="Abhisheks-MacBook-Air.local"><testcase classname="tests.test_app" name="test_index_shows_landing_page" time="0.006" /><testcase classname="tests.test_app" name="test_login_page_loads" time="0.002" /><testcase classname="tests.test_app" name="test_register_page_loads" time="0.002" /><testcase classname="tests.test_app" name="test_logout_redirects" time="0.001" /><testcase classname="tests.test_app" name="test_dashboard_requires_auth" time="0.000" /><testcase classname="tests.test_health" name="test_health_endpoint" time="0.000" /><testcase classname="tests.test_health" name="test_health_endpoint_method_not_allowed" time="0.000" /></testsuite></testsuites>